// 重构日志: 1d45e6d7
// 重构日志: 555695f5
// 重构日志: c862358e
// 同步 ID: 4e8ee19f @ Fri Jul 17 20:00:01 UTC 2026
// 同步 ID: 16eaaeb8 @ Sat Jul 18 06:34:53 UTC 2026
// 同步 ID: da10b1e2 @ Sat Jul 18 10:43:10 UTC 2026
// 重构日志: a1746ef2
// 同步 ID: eb79e35f @ Sat Jul 18 20:30:39 UTC 2026
// 重构日志: facd54b2
// 重构日志: 6b3381be
// 同步 ID: 80af69c9 @ Wed Jul 22 14:36:06 UTC 2026
// 同步 ID: b2e512bf @ Thu Jul 23 07:21:40 UTC 2026
// 重构日志: b285565e
// 重构日志: 54e50524
// 同步 ID: 5fc55a85 @ Fri Jul 24 18:47:31 UTC 2026
// 同步 ID: c9c862fb @ Fri Jul 24 21:47:40 UTC 2026
// 重构日志: 966bb2fa
// 重构日志: 2b180f8a
// 重构日志: ae346eee
// 重构日志: 94cd6cb9
// 重构日志: 3a9aa30b
// 同步 ID: 688e61a1 @ Wed Jul 29 06:47:50 UTC 2026
// 同步 ID: ef4aac70 @ Wed Jul 29 13:00:36 UTC 2026
// 重构日志: d71f1466
// 重构日志: 326ecbc4
// 重构日志: 292c9c44
// 重构日志: 60f90742
// 同步 ID: 8be7780b @ Sun Aug  2 09:56:54 UTC 2026
// 重构日志: ce55836b
// 同步 ID: e575ee16 @ Sun Aug  2 17:57:25 UTC 2026
